print("The width of someResolution is \(someResolution.width)")
