let someArray: [String] = ["Alex", "Brian", "Dave"]
