"<stdin>" (line 3, column 11):
unexpected "1"
expecting identifier