let someDictionary: [String: Int] = ["Alex": 31, "Paul": 39]
