do {
  foo()
} catch true {
  print("true")
} catch false {
  print("false")
}
