let minValue = UInt8.min
let maxValue = UInt8.max
