let decimalInteger = 17
let binaryInteger = 0b10001
let octalInteger = 0o21
let hexadecimalInteger = 0x11
