let someOptional: Int? = 42
if case let x? = someOptional {
  print(x)
}
