protocol SomeProtocol{
  func bar()
  func baz()
}
