

Module [DeclarationStatement (ConstantDeclaration [] [] [PatternInitializer (IdentifierPattern "welcomeMessage" (Just (TypeAnnotation [] (Type "String")))) (Just (Expression Nothing (PrefixExpression Nothing (PostfixPrimary (PrimaryLiteral (RegularLiteral (StringLiteral "Hello"))))) []))]),ExpressionStatement (Expression Nothing (PrefixExpression Nothing (FunctionCallE (FunctionCall (PostfixPrimary (PrimaryExpression1 (IdG {idgIdentifier = "print", idgGenericArgs = []}))) [ExpressionElement Nothing (Expression Nothing (PrefixExpression Nothing (PostfixPrimary (PrimaryExpression1 (IdG {idgIdentifier = "welcomeMessage", idgGenericArgs = []})))) [])] Nothing))) [])]


Unit
  Golden
    tests/golden/decls3: OK (0.02s)

All 1 tests passed (0.15s)
