let http200Status = (statusCode: 200, description: "OK")
print("The status code is ", http200Status.statusCode)
print("The status message is ", http200Status.description)
