let (statusCode, statusMessage) = http404Error
print(statusCode)
print(statusMessage)
