typealias Integer = int
typealias AudioSample = UInt16
