let three = 3
let minusThree = -three
let plusThree = -minusThree
