struct SomeStructure {
  var storedTypeProperty = "Some value."
  var computedTypeProperty: Int {
    return 1
  }
}
